Argument list:
  0: PCustomParamType
  1: AOne

Command is null.

Validation Failed.

