Argument list:
  0: positionalTest
  1: parameter
  2: -opt2

Command is null.

Not enough parameters for the opt2 option.

