Argument list:

Command is null.

Not enough parameters specified.

