Tokens extracted from:
-->a b c,"text with space"<--

0: [a]
1: [b]
2: [c,text with space]
