1234567890123456789012345678901234567890
Description of the whole program.

Usage: ConsoleToolkitTests <pos>

Parameters:

pos  A positional parameter.
