Argument list:
  0: key
  1: add
  2: -gopt

Command is null.

"gopt" is not a valid option.

