PCustomParamType AOne : CMD[pcustomparamtype] Option[A-One] VALIDATED