----+----|----+----|----+----|----+----|                    
Description of the whole program.                           
                                                            
Usage: Test <pos>                                           
                                                            
Parameters:                                                 
                                                            
<<<<<<< HEAD
pos  A positional parameter.                                
=======
pos             A positional parameter.                     
>>>>>>> origin/master
                                                            