Args = config get                                           
                                                            
config get                                                  
                                                            