Option("opt", [])
Option("Unrecognized", [])
Option("Q", ["arg"])
