----+----|----+----|----+----|----+----|                    
Description of the whole program.                           
                                                            
Usage: TestApp <pos>                                        
                                                            
Parameters:                                                 
                                                            
pos             A positional parameter.                     
                                                            