prompt:text                                                 
Input string was not in a correct                           
format.                                                     
prompt:45                                                   
                                                            