ten widexx     3wd    fivew  
more           3mo    again  
>Psk>PSrXXXXXXX<p<p        1      again  
