Available commands                                          
                                                            
command  A test command that does                           
         nothing. This text is here just                    
         to add help information.                           
helpme   Get help on the commands                           
         supported by this application.                     
                                                            