Self handled command.                                       
Positional parameter: positional                            
Option TestOpt      : opt                                   
                                                            