Available commands                                          
                                                            
c                                                           
d                                                           
e                                                           
f                                                           
t                                                           
tclass                                                      
tself                                                       
                                                            