First line               A
Second line              B
