First line               A
Second line              B
                         C
                         D
                         E
