String: text                                                
Int: 45                                                     
                                                            
Input received.                                             
String was "text", integer was 45                           
                                                            