----+----|----+----|----+----|----+----|----+----|----+----|
                 Name                                       
Character      Length Backwards  Repeated                   
---------- ---------- ---------- ---------------------------
Alpha               5 ahplA      Alpha Alpha Alpha Alpha    
                                 Alpha                      
Beta                4 ateB       Beta Beta Beta Beta        
Gamma               5 ammaG      Gamma Gamma Gamma Gamma    
                                 Gamma                      
Delta               5 atleD      Delta Delta Delta Delta    
                                 Delta                      
Epsilon             7 nolispE    Epsilon Epsilon Epsilon    
                                 Epsilon Epsilon Epsilon    
                                 Epsilon                    
Zeta                4 ateZ       Zeta Zeta Zeta Zeta        
Eta                 3 atE        Eta Eta Eta                
Theta               5 atehT      Theta Theta Theta Theta    
                                 Theta                      
Iota                4 atoI       Iota Iota Iota Iota        
Kappa               5 appaK      Kappa Kappa Kappa Kappa    
                                 Kappa                      
Lambda              6 adbmaL     Lambda Lambda Lambda Lambda
                                 Lambda Lambda              
Mu                  2 uM         Mu Mu                      
Nu                  2 uN         Nu Nu                      
Xi                  2 iX         Xi Xi                      
Omicron             7 norcimO    Omicron Omicron Omicron    
                                 Omicron Omicron Omicron    
                                 Omicron                    
Pi                  2 iP         Pi Pi                      
Rho                 3 ohR        Rho Rho Rho                
Sigma               5 amgiS      Sigma Sigma Sigma Sigma    
                                 Sigma                      
Tau                 3 uaT        Tau Tau Tau                
Upsilon             7 nolispU    Upsilon Upsilon Upsilon    
                                 Upsilon Upsilon Upsilon    
                                 Upsilon                    
Phi                 3 ihP        Phi Phi Phi                
Chi                 3 ihC        Chi Chi Chi                
Psi                 3 isP        Psi Psi Psi                
Omega               5 agemO      Omega Omega Omega Omega    
                                 Omega                      
                                                            