FXXXXXXXXXXXXXXXXXXXXXXXXXXXXXXXXXXXXXXXXXXXXXXXXXXXXXXXXXXXXXXXXXXXXXXXXXXXXXXXX
Bkkkkkkkkkkkkkkkkkkkkkkkkkkkkkkkkkkkkkkkkkkkkkkkkkkkkkkkkkkkkkkkkkkkkkkkkkkkkkkkk
+                                                                             exp
FXXXXXXXXXXXXXXXXXXXXXXXXXXXXXXXXXXXXXXXXXXXXXXXXXXXXXXXXXXXXXXXXXXXXXXXXXXXXXXXX
Bkkkkkkkkkkkkkkkkkkkkkkkkkkkkkkkkkkkkkkkkkkkkkkkkkkkkkkkkkkkkkkkkkkkkkkkkkkkkkkkk
+    ----------------------------------------------------------------------------
FXXXXXXXXXXXXXXXXXXXXXXXXXXXXXXXXXXXXXXXXXXXXXXXXXXXXXXXXXXXXXXXXXXXXXXXXXXXXXXXX
Bkkkkkkkkkkkkkkkkkkkkkkkkkkkkkkkkkkkkkkkkkkkkkkkkkkkkkkkkkkkkkkkkkkkkkkkkkkkkkkkk
+                                                                    Test value 0
FXXXXXXXXXXXXXXXXXXXXXXXXXXXXXXXXXXXXXXXXXXXXXXXXXXXXXXXXXXXXXXXXXXXXXXXXXXXXXXXX
Bkkkkkkkkkkkkkkkkkkkkkkkkkkkkkkkkkkkkkkkkkkkkkkkkkkkkkkkkkkkkkkkkkkkkkkkkkkkkkkkk
+                                                                                
FXXXXXXXXXXXXXXXXXXXXXXXXXXXXXXXXXXXXXXXXXXXXXXXXXXXXXXXXXXXXXXXXXXXXXXXXXXXXXXXX
Bkkkkkkkkkkkkkkkkkkkkkkkkkkkkkkkkkkkkkkkkkkkkkkkkkkkkkkkkkkkkkkkkkkkkkkkkkkkkkkkk
+        Text1                                Text2                              
FXXXXXXXXXXXXXXXXXXXXXXXXXXXXXXXXXXXXXXXXXXXXXXXXXXXXXXXXXXXXXXXXXXXXXXXXXXXXXXXX
Bkkkkkkkkkkkkkkkkkkkkkkkkkkkkkkkkkkkkkkkkkkkkkkkkkkkkkkkkkkkkkkkkkkkkkkkkkkkkkkkk
+        ------------------------------------ -----------------------------------
FXXXXXXXXXXXXrrrrrrrrrrrrrrrrrrrrrrrrrrrrrrrrXXXXbbbbbbbbbbbbbbbbbbbbbbbbbbbbbbbb
Bkkkkkkkkkkkkkkkkkkkkkkkkkkkkkkkkkkkkkkkkkkkkkkkkkkkkkkkkkkkkkkkkkkkkkkkkkkkkkkkk
+        111 ABCDEF GHIJKLM NOPQRST UVWXYZ    22 ABCDEF GHIJKLM NOPQRST UVWXYZ   
FXXXXXXXXrrrrrrrrrrrrrrrrrrrrrrrrrrrrrrrrrrrrXbbbbbbbbbbbbbbbbbbbbbbbbbbbbbbbbbbb
Bkkkkkkkkkkkkkkkkkkkkkkkkkkkkkkkkkkkkkkkkkkkkkkkkkkkkkkkkkkkkkkkkkkkkkkkkkkkkkkkk
+        ABCDEF GHIJKLM NOPQRST UVWXYZ ABCDEF ABCDEF GHIJKLM NOPQRST UVWXYZ      
FXXXXXXXXrrrrrrrrrrrrrrrrrrrrrrrrrrrrrrrrrrrrXbbbbbbbbbbbbbbbbbbbbbbbbbbbbbbbbbbb
Bkkkkkkkkkkkkkkkkkkkkkkkkkkkkkkkkkkkkkkkkkkkkkkkkkkkkkkkkkkkkkkkkkkkkkkkkkkkkkkkk
+        GHIJKLM NOPQRST UVWXYZ ABCDEF        ABCDEF GHIJKLM NOPQRST UVWXYZ      
FXXXXXXXXrrrrrrrrrrrrrrrrrrrrrrrrrrrrrrrrrrrrXbbbbbbbbbbbbbbbbbbbbbbbbbbbbbbbbbbb
Bkkkkkkkkkkkkkkkkkkkkkkkkkkkkkkkkkkkkkkkkkkkkkkkkkkkkkkkkkkkkkkkkkkkkkkkkkkkkkkkk
+        GHIJKLM NOPQRST UVWXYZ ABCDEF        ABCDEF GHIJKLM NOPQRST UVWXYZ      
FXXXXXXXXrrrrrrrrrrrrrrrrrrrrrrrrrrrrrrrrrrrrXbbbbbbbbbbbbbbbbbbbbbbbbbbbbbbbbbbb
Bkkkkkkkkkkkkkkkkkkkkkkkkkkkkkkkkkkkkkkkkkkkkkkkkkkkkkkkkkkkkkkkkkkkkkkkkkkkkkkkk
+        GHIJKLM NOPQRST UVWXYZ ABCDEF        ABCDEF GHIJKLM NOPQRST UVWXYZ      
FXXXXXXXXrrrrrrrrrrrrrrrrrrrrrrXXXXXXXXXXXXXXXbbbbbbbbbbbbbbbbbbbbbbbbbbbbbXXXXXX
Bkkkkkkkkkkkkkkkkkkkkkkkkkkkkkkkkkkkkkkkkkkkkkkkkkkkkkkkkkkkkkkkkkkkkkkkkkkkkkkkk
+        GHIJKLM NOPQRST UVWXYZ               ABCDEF GHIJKLM NOPQRST UVWXYZ      
FXXXXXXXXXXXXXXXXXXXXXXXXXXXXXXXXXXXXXXXXXXXXXXXXXXXXXXXXXXXXXXXXXXXXXXXXXXXXXXXX
Bkkkkkkkkkkkkkkkkkkkkkkkkkkkkkkkkkkkkkkkkkkkkkkkkkkkkkkkkkkkkkkkkkkkkkkkkkkkkkkkk
+                                                                                
FXXXXXXXXXXXXXXXXXXXXXXXXXXXXXXXXXXXXXXXXXXXXXXXXXXXXXXXXXXXXXXXXXXXXXXXXXXXXXXXX
Bkkkkkkkkkkkkkkkkkkkkkkkkkkkkkkkkkkkkkkkkkkkkkkkkkkkkkkkkkkkkkkkkkkkkkkkkkkkkkkkk
+                                                                    Test value 1
FXXXXXXXXXXXXXXXXXXXXXXXXXXXXXXXXXXXXXXXXXXXXXXXXXXXXXXXXXXXXXXXXXXXXXXXXXXXXXXXX
Bkkkkkkkkkkkkkkkkkkkkkkkkkkkkkkkkkkkkkkkkkkkkkkkkkkkkkkkkkkkkkkkkkkkkkkkkkkkkkkkk
+                                                                                
FXXXXXXXXXXXXXXXXXXXXXXXXXXXXXXXXXXXXXXXXXXXXXXXXXXXXXXXXXXXXXXXXXXXXXXXXXXXXXXXX
Bkkkkkkkkkkkkkkkkkkkkkkkkkkkkkkkkkkkkkkkkkkkkkkkkkkkkkkkkkkkkkkkkkkkkkkkkkkkkkkkk
+        Text1                                Text2                              
FXXXXXXXXXXXXXXXXXXXXXXXXXXXXXXXXXXXXXXXXXXXXXXXXXXXXXXXXXXXXXXXXXXXXXXXXXXXXXXXX
Bkkkkkkkkkkkkkkkkkkkkkkkkkkkkkkkkkkkkkkkkkkkkkkkkkkkkkkkkkkkkkkkkkkkkkkkkkkkkkkkk
+        ------------------------------------ -----------------------------------
FXXXXXXXXXXXXrrrrrrrrrrrrrrrrrrrrrrrrrrrrrrrrXXXXbbbbbbbbbbbbbbbbbbbbbbbbbbbbbbbb
Bkkkkkkkkkkkkkkkkkkkkkkkkkkkkkkkkkkkkkkkkkkkkkkkkkkkkkkkkkkkkkkkkkkkkkkkkkkkkkkkk
+        111 ABCDEF GHIJKLM NOPQRST UVWXYZ    22 ABCDEF GHIJKLM NOPQRST UVWXYZ   
FXXXXXXXXrrrrrrrrrrrrrrrrrrrrrrrrrrrrrrrrrrrrXbbbbbbbbbbbbbbbbbbbbbbbbbbbbbbbbbbb
Bkkkkkkkkkkkkkkkkkkkkkkkkkkkkkkkkkkkkkkkkkkkkkkkkkkkkkkkkkkkkkkkkkkkkkkkkkkkkkkkk
+        ABCDEF GHIJKLM NOPQRST UVWXYZ ABCDEF ABCDEF GHIJKLM NOPQRST UVWXYZ      
FXXXXXXXXrrrrrrrrrrrrrrrrrrrrrrrrrrrrrrrrrrrrXbbbbbbbbbbbbbbbbbbbbbbbbbbbbbbbbbbb
Bkkkkkkkkkkkkkkkkkkkkkkkkkkkkkkkkkkkkkkkkkkkkkkkkkkkkkkkkkkkkkkkkkkkkkkkkkkkkkkkk
+        GHIJKLM NOPQRST UVWXYZ ABCDEF        ABCDEF GHIJKLM NOPQRST UVWXYZ      
FXXXXXXXXrrrrrrrrrrrrrrrrrrrrrrrrrrrrrrrrrrrrXbbbbbbbbbbbbbbbbbbbbbbbbbbbbbbbbbbb
Bkkkkkkkkkkkkkkkkkkkkkkkkkkkkkkkkkkkkkkkkkkkkkkkkkkkkkkkkkkkkkkkkkkkkkkkkkkkkkkkk
+        GHIJKLM NOPQRST UVWXYZ ABCDEF        ABCDEF GHIJKLM NOPQRST UVWXYZ      
FXXXXXXXXrrrrrrrrrrrrrrrrrrrrrrrrrrrrrrrrrrrrXbbbbbbbbbbbbbbbbbbbbbbbbbbbbbbbbbbb
Bkkkkkkkkkkkkkkkkkkkkkkkkkkkkkkkkkkkkkkkkkkkkkkkkkkkkkkkkkkkkkkkkkkkkkkkkkkkkkkkk
+        GHIJKLM NOPQRST UVWXYZ ABCDEF        ABCDEF GHIJKLM NOPQRST UVWXYZ      
FXXXXXXXXrrrrrrrrrrrrrrrrrrrrrrXXXXXXXXXXXXXXXbbbbbbbbbbbbbbbbbbbbbbbbbbbbbXXXXXX
Bkkkkkkkkkkkkkkkkkkkkkkkkkkkkkkkkkkkkkkkkkkkkkkkkkkkkkkkkkkkkkkkkkkkkkkkkkkkkkkkk
+        GHIJKLM NOPQRST UVWXYZ               ABCDEF GHIJKLM NOPQRST UVWXYZ      
FXXXXXXXXXXXXXXXXXXXXXXXXXXXXXXXXXXXXXXXXXXXXXXXXXXXXXXXXXXXXXXXXXXXXXXXXXXXXXXXX
Bkkkkkkkkkkkkkkkkkkkkkkkkkkkkkkkkkkkkkkkkkkkkkkkkkkkkkkkkkkkkkkkkkkkkkkkkkkkkkkkk
+                                                                                
FXXXXXXXXXXXXXXXXXXXXXXXXXXXXXXXXXXXXXXXXXXXXXXXXXXXXXXXXXXXXXXXXXXXXXXXXXXXXXXXX
Bkkkkkkkkkkkkkkkkkkkkkkkkkkkkkkkkkkkkkkkkkkkkkkkkkkkkkkkkkkkkkkkkkkkkkkkkkkkkkkkk
+                                                                    Test value 2
FXXXXXXXXXXXXXXXXXXXXXXXXXXXXXXXXXXXXXXXXXXXXXXXXXXXXXXXXXXXXXXXXXXXXXXXXXXXXXXXX
Bkkkkkkkkkkkkkkkkkkkkkkkkkkkkkkkkkkkkkkkkkkkkkkkkkkkkkkkkkkkkkkkkkkkkkkkkkkkkkkkk
+                                                                                
FXXXXXXXXXXXXXXXXXXXXXXXXXXXXXXXXXXXXXXXXXXXXXXXXXXXXXXXXXXXXXXXXXXXXXXXXXXXXXXXX
Bkkkkkkkkkkkkkkkkkkkkkkkkkkkkkkkkkkkkkkkkkkkkkkkkkkkkkkkkkkkkkkkkkkkkkkkkkkkkkkkk
+        Text1                                Text2                              
FXXXXXXXXXXXXXXXXXXXXXXXXXXXXXXXXXXXXXXXXXXXXXXXXXXXXXXXXXXXXXXXXXXXXXXXXXXXXXXXX
Bkkkkkkkkkkkkkkkkkkkkkkkkkkkkkkkkkkkkkkkkkkkkkkkkkkkkkkkkkkkkkkkkkkkkkkkkkkkkkkkk
+        ------------------------------------ -----------------------------------
FXXXXXXXXXXXXrrrrrrrrrrrrrrrrrrrrrrrrrrrrrrrrXXXXbbbbbbbbbbbbbbbbbbbbbbbbbbbbbbbb
Bkkkkkkkkkkkkkkkkkkkkkkkkkkkkkkkkkkkkkkkkkkkkkkkkkkkkkkkkkkkkkkkkkkkkkkkkkkkkkkkk
+        111 ABCDEF GHIJKLM NOPQRST UVWXYZ    22 ABCDEF GHIJKLM NOPQRST UVWXYZ   
FXXXXXXXXrrrrrrrrrrrrrrrrrrrrrrrrrrrrrrrrrrrrXbbbbbbbbbbbbbbbbbbbbbbbbbbbbbbbbbbb
Bkkkkkkkkkkkkkkkkkkkkkkkkkkkkkkkkkkkkkkkkkkkkkkkkkkkkkkkkkkkkkkkkkkkkkkkkkkkkkkkk
+        ABCDEF GHIJKLM NOPQRST UVWXYZ ABCDEF ABCDEF GHIJKLM NOPQRST UVWXYZ      
FXXXXXXXXrrrrrrrrrrrrrrrrrrrrrrrrrrrrrrrrrrrrXbbbbbbbbbbbbbbbbbbbbbbbbbbbbbbbbbbb
Bkkkkkkkkkkkkkkkkkkkkkkkkkkkkkkkkkkkkkkkkkkkkkkkkkkkkkkkkkkkkkkkkkkkkkkkkkkkkkkkk
+        GHIJKLM NOPQRST UVWXYZ ABCDEF        ABCDEF GHIJKLM NOPQRST UVWXYZ      
FXXXXXXXXrrrrrrrrrrrrrrrrrrrrrrrrrrrrrrrrrrrrXbbbbbbbbbbbbbbbbbbbbbbbbbbbbbbbbbbb
Bkkkkkkkkkkkkkkkkkkkkkkkkkkkkkkkkkkkkkkkkkkkkkkkkkkkkkkkkkkkkkkkkkkkkkkkkkkkkkkkk
+        GHIJKLM NOPQRST UVWXYZ ABCDEF        ABCDEF GHIJKLM NOPQRST UVWXYZ      
FXXXXXXXXrrrrrrrrrrrrrrrrrrrrrrrrrrrrrrrrrrrrXbbbbbbbbbbbbbbbbbbbbbbbbbbbbbbbbbbb
Bkkkkkkkkkkkkkkkkkkkkkkkkkkkkkkkkkkkkkkkkkkkkkkkkkkkkkkkkkkkkkkkkkkkkkkkkkkkkkkkk
+        GHIJKLM NOPQRST UVWXYZ ABCDEF        ABCDEF GHIJKLM NOPQRST UVWXYZ      
FXXXXXXXXrrrrrrrrrrrrrrrrrrrrrrXXXXXXXXXXXXXXXbbbbbbbbbbbbbbbbbbbbbbbbbbbbbXXXXXX
Bkkkkkkkkkkkkkkkkkkkkkkkkkkkkkkkkkkkkkkkkkkkkkkkkkkkkkkkkkkkkkkkkkkkkkkkkkkkkkkkk
+        GHIJKLM NOPQRST UVWXYZ               ABCDEF GHIJKLM NOPQRST UVWXYZ      
FXXXXXXXXXXXXXXXXXXXXXXXXXXXXXXXXXXXXXXXXXXXXXXXXXXXXXXXXXXXXXXXXXXXXXXXXXXXXXXXX
Bkkkkkkkkkkkkkkkkkkkkkkkkkkkkkkkkkkkkkkkkkkkkkkkkkkkkkkkkkkkkkkkkkkkkkkkkkkkkkkkk
+                                                                                
FXXXXXXXXXXXXXXXXXXXXXXXXXXXXXXXXXXXXXXXXXXXXXXXXXXXXXXXXXXXXXXXXXXXXXXXXXXXXXXXX
Bkkkkkkkkkkkkkkkkkkkkkkkkkkkkkkkkkkkkkkkkkkkkkkkkkkkkkkkkkkkkkkkkkkkkkkkkkkkkkkkk
+                                                                    Test value 3
FXXXXXXXXXXXXXXXXXXXXXXXXXXXXXXXXXXXXXXXXXXXXXXXXXXXXXXXXXXXXXXXXXXXXXXXXXXXXXXXX
Bkkkkkkkkkkkkkkkkkkkkkkkkkkkkkkkkkkkkkkkkkkkkkkkkkkkkkkkkkkkkkkkkkkkkkkkkkkkkkkkk
+                                                                                
FXXXXXXXXXXXXXXXXXXXXXXXXXXXXXXXXXXXXXXXXXXXXXXXXXXXXXXXXXXXXXXXXXXXXXXXXXXXXXXXX
Bkkkkkkkkkkkkkkkkkkkkkkkkkkkkkkkkkkkkkkkkkkkkkkkkkkkkkkkkkkkkkkkkkkkkkkkkkkkkkkkk
+        Text1                                Text2                              
FXXXXXXXXXXXXXXXXXXXXXXXXXXXXXXXXXXXXXXXXXXXXXXXXXXXXXXXXXXXXXXXXXXXXXXXXXXXXXXXX
Bkkkkkkkkkkkkkkkkkkkkkkkkkkkkkkkkkkkkkkkkkkkkkkkkkkkkkkkkkkkkkkkkkkkkkkkkkkkkkkkk
+        ------------------------------------ -----------------------------------
FXXXXXXXXXXXXrrrrrrrrrrrrrrrrrrrrrrrrrrrrrrrrXXXXbbbbbbbbbbbbbbbbbbbbbbbbbbbbbbbb
Bkkkkkkkkkkkkkkkkkkkkkkkkkkkkkkkkkkkkkkkkkkkkkkkkkkkkkkkkkkkkkkkkkkkkkkkkkkkkkkkk
+        111 ABCDEF GHIJKLM NOPQRST UVWXYZ    22 ABCDEF GHIJKLM NOPQRST UVWXYZ   
FXXXXXXXXrrrrrrrrrrrrrrrrrrrrrrrrrrrrrrrrrrrrXbbbbbbbbbbbbbbbbbbbbbbbbbbbbbbbbbbb
Bkkkkkkkkkkkkkkkkkkkkkkkkkkkkkkkkkkkkkkkkkkkkkkkkkkkkkkkkkkkkkkkkkkkkkkkkkkkkkkkk
+        ABCDEF GHIJKLM NOPQRST UVWXYZ ABCDEF ABCDEF GHIJKLM NOPQRST UVWXYZ      
FXXXXXXXXrrrrrrrrrrrrrrrrrrrrrrrrrrrrrrrrrrrrXbbbbbbbbbbbbbbbbbbbbbbbbbbbbbbbbbbb
Bkkkkkkkkkkkkkkkkkkkkkkkkkkkkkkkkkkkkkkkkkkkkkkkkkkkkkkkkkkkkkkkkkkkkkkkkkkkkkkkk
+        GHIJKLM NOPQRST UVWXYZ ABCDEF        ABCDEF GHIJKLM NOPQRST UVWXYZ      
FXXXXXXXXrrrrrrrrrrrrrrrrrrrrrrrrrrrrrrrrrrrrXbbbbbbbbbbbbbbbbbbbbbbbbbbbbbbbbbbb
Bkkkkkkkkkkkkkkkkkkkkkkkkkkkkkkkkkkkkkkkkkkkkkkkkkkkkkkkkkkkkkkkkkkkkkkkkkkkkkkkk
+        GHIJKLM NOPQRST UVWXYZ ABCDEF        ABCDEF GHIJKLM NOPQRST UVWXYZ      
FXXXXXXXXrrrrrrrrrrrrrrrrrrrrrrrrrrrrrrrrrrrrXbbbbbbbbbbbbbbbbbbbbbbbbbbbbbbbbbbb
Bkkkkkkkkkkkkkkkkkkkkkkkkkkkkkkkkkkkkkkkkkkkkkkkkkkkkkkkkkkkkkkkkkkkkkkkkkkkkkkkk
+        GHIJKLM NOPQRST UVWXYZ ABCDEF        ABCDEF GHIJKLM NOPQRST UVWXYZ      
FXXXXXXXXrrrrrrrrrrrrrrrrrrrrrrXXXXXXXXXXXXXXXbbbbbbbbbbbbbbbbbbbbbbbbbbbbbXXXXXX
Bkkkkkkkkkkkkkkkkkkkkkkkkkkkkkkkkkkkkkkkkkkkkkkkkkkkkkkkkkkkkkkkkkkkkkkkkkkkkkkkk
+        GHIJKLM NOPQRST UVWXYZ               ABCDEF GHIJKLM NOPQRST UVWXYZ      
FXXXXXXXXXXXXXXXXXXXXXXXXXXXXXXXXXXXXXXXXXXXXXXXXXXXXXXXXXXXXXXXXXXXXXXXXXXXXXXXX
Bkkkkkkkkkkkkkkkkkkkkkkkkkkkkkkkkkkkkkkkkkkkkkkkkkkkkkkkkkkkkkkkkkkkkkkkkkkkkkkkk
+                                                                                
FXXXXXXXXXXXXXXXXXXXXXXXXXXXXXXXXXXXXXXXXXXXXXXXXXXXXXXXXXXXXXXXXXXXXXXXXXXXXXXXX
Bkkkkkkkkkkkkkkkkkkkkkkkkkkkkkkkkkkkkkkkkkkkkkkkkkkkkkkkkkkkkkkkkkkkkkkkkkkkkkkkk
+                                                                                