Test: 

NULL


Test: c1 file

C1Data
{
    CommandName = c1
    FileName = file
    DeleteAfter = False
    ArchiveLocation = <null>
}


Test: c1 file --delete -Alocation

C1Data
{
    CommandName = c1
    FileName = file
    DeleteAfter = True
    ArchiveLocation = location
}


Test: c1 file -D --archive=location

C1Data
{
    CommandName = c1
    FileName = file
    DeleteAfter = True
    ArchiveLocation = location
}


Test: c1

Not enough parameters specified.


Test: c1 -D -Aloc

Not enough parameters specified.


Test: c1 -A

Not enough parameters for the archive option.


Test: c1 -Ab,56

The archive option has too many parameters.


Test: c1 -- -Ab,56

C1Data
{
    CommandName = c1
    FileName = -Ab,56
    DeleteAfter = False
    ArchiveLocation = <null>
}


Test: c3 40 text 50

C3Data
{
    CommandName = <null>
    Iterations = 40
    Message = text
    OverrunLength = 50
    Kidding = False
}


Test: c3 40 text

C3Data
{
    CommandName = <null>
    Iterations = 40
    Message = text
    OverrunLength = 5
    Kidding = False
}


Test: bogus

Command not recognised.


